<title>Myawesometitle translated:foobar separatorwith:-</title>
<title>Myawesometitle translated:foobar separatorwith:-</title>
