<title>My awesome title translated:foobar</title>
<title>My awesome title translated:foobar</title>
<title>My awesome title translated:foobar separator with: - </title>
